// Jest Snapshot v1, https://goo.gl/fbAQLP

exports[`TodoList should match snapshot 1`] = `
<DocumentFragment>
  <div
    class="MuiBox-root css-uyhq4l"
  >
    <div
      class="MuiPaper-root MuiPaper-elevation MuiPaper-rounded MuiPaper-elevation1 css-1d1h7pn-MuiPaper-root"
    >
      <div
        class="MuiBox-root css-mghrfl"
      >
        <p
          class="MuiTypography-root MuiTypography-body1 css-gsqi3c-MuiTypography-root"
        >
          Todo List
        </p>
        <div
          class="MuiBox-root css-0"
        >
          <div
            class="MuiBox-root css-hnk2cx"
          >
            <div
              class="MuiFormControl-root MuiFormControl-fullWidth MuiTextField-root css-wb57ya-MuiFormControl-root-MuiTextField-root"
            >
              <label
                class="MuiFormLabel-root MuiInputLabel-root MuiInputLabel-formControl MuiInputLabel-animated MuiInputLabel-standard MuiFormLabel-colorPrimary Mui-required MuiInputLabel-root MuiInputLabel-formControl MuiInputLabel-animated MuiInputLabel-standard css-aqpgxn-MuiFormLabel-root-MuiInputLabel-root"
                data-shrink="false"
                for=":r0:"
                id=":r0:-label"
              >
                Enter todo
                <span
                  aria-hidden="true"
                  class="MuiFormLabel-asterisk MuiInputLabel-asterisk css-wgai2y-MuiFormLabel-asterisk"
                >
                  â€‰*
                </span>
              </label>
              <div
                class="MuiInputBase-root MuiInput-root MuiInput-underline MuiInputBase-colorPrimary MuiInputBase-fullWidth MuiInputBase-formControl css-l4u8b9-MuiInputBase-root-MuiInput-root"
              >
                <input
                  aria-invalid="false"
                  class="MuiInputBase-input MuiInput-input css-1x51dt5-MuiInputBase-input-MuiInput-input"
                  id=":r0:"
                  required=""
                  type="text"
                  value=""
                />
              </div>
            </div>
            <button
              class="MuiButtonBase-root MuiButton-root MuiButton-contained MuiButton-containedPrimary MuiButton-sizeMedium MuiButton-containedSizeMedium MuiButton-root MuiButton-contained MuiButton-containedPrimary MuiButton-sizeMedium MuiButton-containedSizeMedium css-1ak2d8a-MuiButtonBase-root-MuiButton-root"
              tabindex="0"
              type="button"
            >
              Add
              <span
                class="MuiTouchRipple-root css-8je8zh-MuiTouchRipple-root"
              />
            </button>
          </div>
          <div
            class="MuiBox-root css-0"
          >
            <ul
              class="MuiList-root MuiList-padding css-19u38oo-MuiList-root"
            />
          </div>
        </div>
      </div>
    </div>
  </div>
</DocumentFragment>
`;
